[11:59:20.749] Server listening on port 63007, PID 26864
[11:59:20.793] readProjectFiles, Found 36 files to read.
[11:59:20.841] Starting PAI Cloud Dev...
[11:59:21.687] [PAI SDK] createCloudSession response: {
  "code": 0,
  "msg": "success",
  "sandboxId": "vefaas-f0vkicge-pyw70jixna-d8rm3682032lkmpgh37g-sandbox",
  "endpoint": "https://sd62opo6oqou1ckhsuo00.apigateway-cn-beijing.volceapi.com"
}
[11:59:21.821] [PAI SDK] cloudServer.start called, appId: pai-preview-trae-23f7a74b
[11:59:22.264] [PAI SDK] Received event: log {"content":"\n> taro_template@1.0.0 dev:h5\n> npm run build:h5 -- --watch\n\n\n> taro_template@1.0.0 build:h5\n> taro build --type h5 --watch\n\n","timestamp":1782014362460}
[11:59:22.587] [PAI SDK] Received event: log {"content":"👽 Taro v4.1.9\n\n","timestamp":1782014362788}
[11:59:23.770] [PAI SDK] Received event: log {"content":"Tips:\n1. 建议开启持久化缓存功能，能有效提升二次编译速度，详情请参考: https://docs.taro.zone/docs/config-detail#cache。\n\n\n","timestamp":1782014363970}
[11:59:24.812] [PAI SDK] Received event: log {"content":"- 即将开始启动编译，请稍等~\n","timestamp":1782014365012}
[11:59:26.955] [Preview Server] Frontend connected, clients size = 1
[11:59:38.280] [PAI SDK] Received event: log {"content":"✅  编译成功 6/21/2026, 11:59:38 AM\n\n","timestamp":1782014378480}
[11:59:38.284] [PAI SDK] cloudServer.start response: {
  "status": "running",
  "msg": "Cloud Server started successfully.",
  "hash": "pai-preview-trae-23f7a74b"
}
[12:12:03.101] [Preview Server] Frontend disconnected, clients size = 1
[12:12:40.845] File change detected. Updating...
[12:12:40.854] readProjectFiles, Found 37 files to read.
[12:12:40.857] Update failed: Error: EBUSY: resource busy or locked, open 'F:\Robots\Trae创造力大赛\config.zip'
    at async open (node:internal/fs/promises:641:25)
    at async Object.readFile (node:internal/fs/promises:1245:14)
    at async bO (c:\Users\小花花\.trae-cn\builtin_skills\TRAE-generate-mini-app\scripts\preview-server.js:189:1705)
    at async c:\Users\小花花\.trae-cn\builtin_skills\TRAE-generate-mini-app\scripts\preview-server.js:189:9590 {
  errno: -4082,
  code: 'EBUSY',
  syscall: 'open',
  path: 'F:\\Robots\\Trae创造力大赛\\config.zip'
}
