[16:20:13.260] Server listening on port 56964, PID 37996
[16:20:13.336] readProjectFiles, Found 39 files to read.
[16:20:13.398] Starting PAI Cloud Dev...
[16:20:14.534] [PAI SDK] createCloudSession response: {
  "code": 0,
  "msg": "success",
  "sandboxId": "vefaas-f0vkicge-pyw70jixna-d8pqkf82j5h64opa1k9g-sandbox",
  "endpoint": "https://sd62opo6oqou1ckhsuo00.apigateway-cn-beijing.volceapi.com"
}
[16:20:14.740] [PAI SDK] cloudServer.start called, appId: pai-preview-trae-8a9d71fc
[16:20:15.469] [PAI SDK] Received event: log {"content":"\n> taro_template@1.0.0 dev:h5\n> npm run build:h5 -- --watch\n\n\n> taro_template@1.0.0 build:h5\n> taro build --type h5 --watch\n\n","timestamp":1781770815436}
[16:20:15.803] [PAI SDK] Received event: log {"content":"👽 Taro v4.1.9\n\n","timestamp":1781770815772}
[16:20:17.003] [PAI SDK] Received event: log {"content":"Tips:\n1. 建议开启持久化缓存功能，能有效提升二次编译速度，详情请参考: https://docs.taro.zone/docs/config-detail#cache。\n\n\n","timestamp":1781770816973}
[16:20:18.058] [PAI SDK] Received event: log {"content":"- 即将开始启动编译，请稍等~\n","timestamp":1781770818024}
[16:20:32.005] [PAI SDK] Received event: log {"content":"✅  编译成功 6/18/2026, 4:20:31 PM\n\n","timestamp":1781770831975}
[16:20:32.009] [PAI SDK] cloudServer.start response: {
  "status": "running",
  "msg": "Cloud Server started successfully.",
  "hash": "pai-preview-trae-8a9d71fc"
}
[16:20:51.400] [Preview Server] Frontend connected, clients size = 1
[16:20:51.400] Sending cached status to new connection, lastStatusMessage = {"event":"status_change","message":{"url":"https://sd62opo6oqou1ckhsuo00.apigateway-cn-beijing.volceapi.com/?faasInstanceName=vefaas-f0vkicge-pyw70jixna-d8pqkf82j5h64opa1k9g-sandbox&hash=pai-preview-trae-8a9d71fc","schema":"aipa://preview?type=pai&aipa_id=pai-preview-trae-8a9d71fc&uuid=89441bc9-e854-4867-b73a-4e8dcb62b8ad","status":"running","msg":"Cloud Server started successfully.","framework":"taro"}}
[16:21:03.459] [Preview Server] Frontend disconnected, clients size = 1
[16:21:03.532] [Preview Server] Frontend connected, clients size = 1
[16:21:03.533] Sending cached status to new connection, lastStatusMessage = {"event":"status_change","message":{"url":"https://sd62opo6oqou1ckhsuo00.apigateway-cn-beijing.volceapi.com/?faasInstanceName=vefaas-f0vkicge-pyw70jixna-d8pqkf82j5h64opa1k9g-sandbox&hash=pai-preview-trae-8a9d71fc","schema":"aipa://preview?type=pai&aipa_id=pai-preview-trae-8a9d71fc&uuid=89441bc9-e854-4867-b73a-4e8dcb62b8ad","status":"running","msg":"Cloud Server started successfully.","framework":"taro"}}
[16:22:01.396] [AuthCredentials] read failed: ENOENT: no such file or directory, open 'E:\翻译\.auth\auth.json'
[16:22:16.014] [AuthCredentials] read failed: ENOENT: no such file or directory, open 'E:\翻译\.auth\auth.json'
[16:23:22.002] [Preview Server] Frontend connected, clients size = 2
[16:23:22.002] Sending cached status to new connection, lastStatusMessage = {"event":"status_change","message":{"url":"https://sd62opo6oqou1ckhsuo00.apigateway-cn-beijing.volceapi.com/?faasInstanceName=vefaas-f0vkicge-pyw70jixna-d8pqkf82j5h64opa1k9g-sandbox&hash=pai-preview-trae-8a9d71fc","schema":"aipa://preview?type=pai&aipa_id=pai-preview-trae-8a9d71fc&uuid=89441bc9-e854-4867-b73a-4e8dcb62b8ad","status":"running","msg":"Cloud Server started successfully.","framework":"taro"}}
[16:24:12.298] [Preview Server] Frontend disconnected, clients size = 2
[16:24:36.186] File change detected. Updating...
[16:24:36.195] readProjectFiles, Found 37 files to read.
[16:24:36.207] Files read. Count: 37
[16:24:36.208] Calling pai.updateCloudDev...
[16:24:36.208] [PAI SDK] cloudServer.update called, appId: pai-preview-trae-8a9d71fc
[16:24:36.262] [PAI SDK] Received event: reload {"url":"aipa://pai-preview-trae-8a9d71fc.aipa-cloud.bytedance.net?type=pai","timestamp":1781771076231}
[16:24:36.263] [PAI SDK] CloudServer received reload event: {"url":"aipa://pai-preview-trae-8a9d71fc.aipa-cloud.bytedance.net?type=pai","timestamp":1781771076231}
[16:24:36.263] [PAI SDK] reload, url = https://sd62opo6oqou1ckhsuo00.apigateway-cn-beijing.volceapi.com/?faasInstanceName=vefaas-f0vkicge-pyw70jixna-d8pqkf82j5h64opa1k9g-sandbox&hash=pai-preview-trae-8a9d71fc
[16:24:36.263] [PAI SDK] cloudServer.update response: {
  "status": "running",
  "reload": false,
  "hash": "pai-preview-trae-8a9d71fc"
}
[16:24:36.264] Update success (pai.updateCloudDev returned)
[16:24:36.323] [PAI SDK] Received event: log {"content":"<i> [webpack-dev-middleware] wait until bundle finished: /\n","timestamp":1781771076285}
[16:24:37.819] [PAI SDK] Received event: log {"content":"✅  编译成功 6/18/2026, 4:24:37 PM\n\n","timestamp":1781771077788}
